// Jest Snapshot v1, https://goo.gl/fbAQLP

exports[`Wallet renders properly 1`] = `
<Button
  block={false}
  ghost={false}
  htmlType="button"
  loading={false}
>
  <Wave>
    <button
      className="ant-btn"
      onClick={[Function]}
      type="button"
    >
      <LoadingIcon
        existIcon={false}
        loading={false}
        prefixCls="ant-btn"
      >
        <CSSMotion
          motionName="ant-btn-loading-icon-motion"
          onAppearActive={[Function]}
          onAppearStart={[Function]}
          onEnterActive={[Function]}
          onEnterStart={[Function]}
          onLeaveActive={[Function]}
          onLeaveStart={[Function]}
          removeOnLeave={true}
          visible={false}
        >
          <DomWrapper />
        </CSSMotion>
      </LoadingIcon>
      <span
        key=".0"
      >
        test
      </span>
    </button>
  </Wave>
</Button>
`;
